
**** Build of configuration Debug for project wmp_high ****

make all 
Building file: ../src/wmp_high_util.c
Invoking: MicroBlaze gcc compiler
mb-gcc -Wall -O0 -g3 -I../../wlan_bsp_cpu_high/mb_high/include -I"C:\Users\Alice\Desktop\Mango_802.11_RefDes_v1.2.0\SDK_Workspace\wmp_high\src\include" -I"C:\Users\Alice\Desktop\Mango_802.11_RefDes_v1.2.0\SDK_Workspace\wmp_shared\wlan_mac_common\include" -I"C:\Users\Alice\Desktop\Mango_802.11_RefDes_v1.2.0\SDK_Workspace\wmp_shared\wlan_mac_high_framework\include" -I"C:\Users\Alice\Desktop\Mango_802.11_RefDes_v1.2.0\SDK_Workspace\wmp_shared\wmp_common\include" -c -fmessage-length=0 -Wl,--no-relax -mlittle-endian -mxl-barrel-shift -mxl-pattern-compare -mcpu=v8.40.b -mno-xl-soft-mul -MMD -MP -MF"src/wmp_high_util.d" -MT"src/wmp_high_util.d" -o"src/wmp_high_util.o" "../src/wmp_high_util.c"
Finished building: ../src/wmp_high_util.c
' '
Building target: wmp_high.elf
Invoking: MicroBlaze gcc linker
mb-gcc -Wl,--no-relax -Wl,-T -Wl,../src/lscript.ld -L../../wlan_bsp_cpu_high/mb_high/lib -mlittle-endian -mxl-barrel-shift -mxl-pattern-compare -mcpu=v8.40.b -mno-xl-soft-mul -o"wmp_high.elf"  ./wmp_common/wmp_common_sw_reg.o ./wmp_common/wmp_fsm.o  ./wlan_mac_high_framework/wlan_exp_common.o ./wlan_mac_high_framework/wlan_exp_node.o ./wlan_mac_high_framework/wlan_exp_transport.o ./wlan_mac_high_framework/wlan_mac_eth_util.o ./wlan_mac_high_framework/wlan_mac_event_log.o ./wlan_mac_high_framework/wlan_mac_events.o ./wlan_mac_high_framework/wlan_mac_ipc.o ./wlan_mac_high_framework/wlan_mac_ltg.o ./wlan_mac_high_framework/wlan_mac_packet_types.o ./wlan_mac_high_framework/wlan_mac_queue.o ./wlan_mac_high_framework/wlan_mac_util.o  ./wlan_mac_common/wlan_mac_ipc_util.o  ./src/wlan_exp_node_sta.o ./src/wlan_mac_sta_uart_menu.o ./src/wmp_high.o ./src/wmp_high_ap.o ./src/wmp_high_fsm_slots_handler.o ./src/wmp_high_util.o   -Wl,--start-group,-lxil,-lgcc,-lc,--end-group
Finished building target: wmp_high.elf
' '
Invoking: MicroBlaze Print Size
mb-size wmp_high.elf  |tee "wmp_high.elf.size"
   text	   data	    bss	    dec	    hex	filename
 142734	   2960	  14008	 159702	  26fd6	wmp_high.elf
Finished building: wmp_high.elf.size
' '
Invoking: Xilinx ELF Check
elfcheck wmp_high.elf -hw ../../wlan_xps_v32_hw_platform/system.xml -pe mb_high  |tee "wmp_high.elf.elfcheck"
elfcheck
Xilinx EDK 14.4 Build EDK_P.49d
Copyright (c) 1995-2012 Xilinx, Inc.  All rights reserved.

Command Line: elfcheck -hw ../../wlan_xps_v32_hw_platform/system.xml -pe mb_high
wmp_high.elf 

ELF file	: wmp_high.elf
elfcheck passed.
Finished building: wmp_high.elf.elfcheck
' '
